// Jest Snapshot v1, https://goo.gl/fbAQLP

exports[`Pruebas en <Navbar /> Se debe mostrar correctamente 1`] = `
<nav
  className="navbar navbar-expand-sm navbar-dark bg-dark"
>
  <a
    className="navbar-brand ms-2"
    href="/"
    onClick={[Function]}
  >
    Asociaciones
  </a>
  <div
    className="navbar-collapse ms-2"
  >
    <div
      className="navbar-nav"
    >
      <a
        className="nav-item nav-link false"
        href="/marvel"
        onClick={[Function]}
      >
        Marvel
      </a>
      <a
        className="nav-item nav-link false"
        href="/dc"
        onClick={[Function]}
      >
        DC
      </a>
      <a
        className="nav-item nav-link false"
        href="/search"
        onClick={[Function]}
      >
        Search
      </a>
    </div>
  </div>
  <div
    className="navbar-collapse collapse w-100 order-3 dual-collapse2 d-flex justify-content-end me-2"
  >
    <ul
      className="navbar-nav ml-auto"
    >
      <span
        className="nav-item nav-link text-info"
      >
        Ivan
      </span>
      <button
        className="nav-item nav-link btn btn-dark"
        onClick={[Function]}
      >
        Logout
      </button>
    </ul>
  </div>
</nav>
`;
